<?xml version="1.0" encoding="utf-8"?>
<ReportDocument xmlns:xsd="http://www.w3.org/2001/XMLSchema" xmlns:xsi="http://www.w3.org/2001/XMLSchema-instance" Name="user" xmlns="http://netinfo.com/emp/reports">
    <Grid RowCount="50" ColCount="20" CellWidth="500000" CellHeight="200000">
        <Widths>500000,500000,573333,910000,1530000,1099999,1270000,1110000,500000,500000,500000,500000,500000,500000,500000,500000,500000,500000,500000,500000</Widths>
        <Heights>200000,580000,200000,330000,200000,200000,200000,200000,200000,190000,200000,200000,200000,200000,200000,200000,200000,200000,200000,200000,200000,200000,200000,200000,200000,200000,200000,200000,200000,200000,200000,200000,200000,200000,200000,200000,200000,200000,200000,200000,200000,200000,200000,200000,200000,200000,200000,200000,200000,200000</Heights>
    </Grid>
    <DataSets />
    <Cells>
        <Cell RowIndex="1" ColIndex="2" RowSpan="1" ColSpan="6" Style="0">
            <Element xsi:type="ReportText">
                <Text>用户信息表</Text>
            </Element>
        </Cell>
        <Cell RowIndex="3" ColIndex="2" RowSpan="1" ColSpan="1" Style="1">
            <Element xsi:type="ReportText">
                <Text>编码</Text>
            </Element>
        </Cell>
        <Cell RowIndex="3" ColIndex="3" RowSpan="1" ColSpan="1" Style="2">
            <Element xsi:type="ReportText">
                <Text>姓名</Text>
            </Element>
        </Cell>
        <Cell RowIndex="3" ColIndex="4" RowSpan="1" ColSpan="1" Style="2">
            <Element xsi:type="ReportText">
                <Text>生日</Text>
            </Element>
        </Cell>
        <Cell RowIndex="3" ColIndex="5" RowSpan="1" ColSpan="1" Style="2">
            <Element xsi:type="ReportText">
                <Text>住址</Text>
            </Element>
        </Cell>
        <Cell RowIndex="3" ColIndex="6" RowSpan="1" ColSpan="1" Style="2">
            <Element xsi:type="ReportText">
                <Text>手机</Text>
            </Element>
        </Cell>
        <Cell RowIndex="3" ColIndex="7" RowSpan="1" ColSpan="1" Style="2">
            <Element xsi:type="ReportText">
                <Text>QQ</Text>
            </Element>
        </Cell>
        <Cell RowIndex="4" ColIndex="2" RowSpan="1" ColSpan="1" Style="3" />
        <Cell RowIndex="4" ColIndex="3" RowSpan="1" ColSpan="1" Style="4" />
        <Cell RowIndex="4" ColIndex="4" RowSpan="1" ColSpan="1" Style="4" />
        <Cell RowIndex="4" ColIndex="5" RowSpan="1" ColSpan="1" Style="4" />
        <Cell RowIndex="4" ColIndex="6" RowSpan="1" ColSpan="1" Style="4" />
        <Cell RowIndex="4" ColIndex="7" RowSpan="1" ColSpan="1" Style="4" />
    </Cells>
    <Styles>
        <Style FontFamily="SimSun" FontSize="20" FontStyle="1" ForeColor="#FFC0504D" Width="0" Height="0" HAlign="1" VAlign="1" />
        <Style FontFamily="SimSun" FontSize="15" FontStyle="1" ForeColor="#FF000000" Width="0" Height="0" HAlign="1" VAlign="1">
            <Border Left="1" Top="1" Right="1" Bottom="1" />
        </Style>
        <Style FontFamily="SimSun" FontSize="15" FontStyle="1" ForeColor="#FF000000" Width="0" Height="0" HAlign="1" VAlign="1">
            <Border Left="0" Top="1" Right="1" Bottom="1" />
        </Style>
        <Style FontFamily="Segoe UI" FontSize="11" FontStyle="0" ForeColor="#FF000000" Width="0" Height="0" HAlign="3" VAlign="3">
            <Border Left="1" Top="0" Right="1" Bottom="1" />
        </Style>
        <Style FontFamily="Segoe UI" FontSize="11" FontStyle="0" ForeColor="#FF000000" Width="0" Height="0" HAlign="3" VAlign="3">
            <Border Left="0" Top="0" Right="1" Bottom="1" />
        </Style>
    </Styles>
</ReportDocument>